[INFO] [1785180074.569255930] [tracer_ll1_e2e_fixed_ref_pub]: publishing fixed clearance=0.045
Traceback (most recent call last):
  File "/tmp/tracer_ll1_e2e_fixed_ref_pub.py", line 65, in main
    rclpy.spin(node)
  File "/home/kraken/ros2_humble/install/rclpy/local/lib/python3.10/dist-packages/rclpy/__init__.py", line 229, in spin
    executor.spin_once()
  File "/home/kraken/ros2_humble/install/rclpy/local/lib/python3.10/dist-packages/rclpy/executors.py", line 773, in spin_once
    self._spin_once_impl(timeout_sec)
  File "/home/kraken/ros2_humble/install/rclpy/local/lib/python3.10/dist-packages/rclpy/executors.py", line 762, in _spin_once_impl
    handler, entity, node = self.wait_for_ready_callbacks(timeout_sec=timeout_sec)
  File "/home/kraken/ros2_humble/install/rclpy/local/lib/python3.10/dist-packages/rclpy/executors.py", line 745, in wait_for_ready_callbacks
    return next(self._cb_iter)
  File "/home/kraken/ros2_humble/install/rclpy/local/lib/python3.10/dist-packages/rclpy/executors.py", line 646, in _wait_for_ready_callbacks
    raise ExternalShutdownException()
rclpy.executors.ExternalShutdownException

During handling of the above exception, another exception occurred:

Traceback (most recent call last):
  File "/tmp/tracer_ll1_e2e_fixed_ref_pub.py", line 72, in <module>
    main()
  File "/tmp/tracer_ll1_e2e_fixed_ref_pub.py", line 68, in main
    rclpy.shutdown()
  File "/home/kraken/ros2_humble/install/rclpy/local/lib/python3.10/dist-packages/rclpy/__init__.py", line 130, in shutdown
    _shutdown(context=context)
  File "/home/kraken/ros2_humble/install/rclpy/local/lib/python3.10/dist-packages/rclpy/utilities.py", line 58, in shutdown
    return context.shutdown()
  File "/home/kraken/ros2_humble/install/rclpy/local/lib/python3.10/dist-packages/rclpy/context.py", line 102, in shutdown
    self.__context.shutdown()
rclpy._rclpy_pybind11.RCLError: failed to shutdown: rcl_shutdown already called on the given context, at /home/kraken/ros2_humble/src/ros2/rcl/rcl/src/rcl/init.c:241
